

================================================================
== Synthesis Summary Report of 'sort_top'
================================================================
+ General Information: 
    * Date:           Fri Dec 31 12:41:04 2021
    * Version:        2021.1 (Build 3247384 on Thu Jun 10 19:36:07 MDT 2021)
    * Project:        hls_bitonic_sort
    * Solution:       sol1 (Vivado IP Flow Target)
    * Product family: zynq
    * Target device:  xc7z020-clg400-1
    

+ Performance & Resource Estimates: 
    
    PS: '+' for module; 'o' for loop; '*' for dataflow
    +---------------------------------------------+------+-------+---------+-----------+----------+---------+------+----------+------+----+------------+-------------+-----+
    |                   Modules                   | Issue|       | Latency |  Latency  | Iteration|         | Trip |          |      |    |            |             |     |
    |                   & Loops                   | Type | Slack | (cycles)|    (ns)   |  Latency | Interval| Count| Pipelined| BRAM | DSP|     FF     |     LUT     | URAM|
    +---------------------------------------------+------+-------+---------+-----------+----------+---------+------+----------+------+----+------------+-------------+-----+
    |+ sort_top                                   |     -|   1.25|      144|  2.160e+03|         -|      145|     -|        no|     -|   -|   9317 (8%)|  30782 (57%)|    -|
    | + grp_sort_top_Pipeline_INPUT_LOOP_fu_342   |     -|   7.49|       66|    990.000|         -|       66|     -|        no|     -|   -|  1033 (~0%)|     65 (~0%)|    -|
    |  o INPUT_LOOP                               |     -|  10.95|       64|    960.000|         1|        1|    64|       yes|     -|   -|           -|            -|    -|
    | + grp_sort_top_Pipeline_OUTPUT_LOOP_fu_424  |     -|   7.49|       66|    990.000|         -|       66|     -|        no|     -|   -|    27 (~0%)|    357 (~0%)|    -|
    |  o OUTPUT_LOOP                              |     -|  10.95|       64|    960.000|         2|        1|    64|       yes|     -|   -|           -|            -|    -|
    +---------------------------------------------+------+-------+---------+-----------+----------+---------+------+----------+------+----+------------+-------------+-----+


================================================================
== HW Interfaces
================================================================
* S_AXILITE
+---------------+------------+---------------+--------+----------+
| Interface     | Data Width | Address Width | Offset | Register |
+---------------+------------+---------------+--------+----------+
| s_axi_control | 32         | 6             | 16     | 0        |
+---------------+------------+---------------+--------+----------+

* AXIS
+------------+---------------+-------+-------+-----+-------+-------+--------+-------+-------+--------+
| Interface  | Register Mode | TDATA | TDEST | TID | TKEEP | TLAST | TREADY | TSTRB | TUSER | TVALID |
+------------+---------------+-------+-------+-----+-------+-------+--------+-------+-------+--------+
| in_stream  | both          | 32    | 1     | 1   | 4     | 1     | 1      | 4     | 1     | 1      |
| out_stream | both          | 32    | 1     | 1   | 4     | 1     | 1      | 4     | 1     | 1      |
+------------+---------------+-------+-------+-----+-------+-------+--------+-------+-------+--------+

* TOP LEVEL CONTROL
+-----------+------------+-----------+
| Interface | Type       | Ports     |
+-----------+------------+-----------+
| ap_clk    | clock      | ap_clk    |
| ap_rst_n  | reset      | ap_rst_n  |
| interrupt | interrupt  | interrupt |
| ap_ctrl   | ap_ctrl_hs |           |
+-----------+------------+-----------+


================================================================
== SW I/O Information
================================================================
* Top Function Arguments
+----------------+-----------+--------------------------------------------+
| Argument       | Direction | Datatype                                   |
+----------------+-----------+--------------------------------------------+
| in_stream      | in        | stream<hls::axis<ap_int<32>, 1, 1, 1>, 0>& |
| out_stream     | out       | stream<hls::axis<ap_int<32>, 1, 1, 1>, 0>& |
| flag_post_dma  | out       | ap_uint<1>&                                |
| flag_post_sort | out       | ap_uint<1>&                                |
+----------------+-----------+--------------------------------------------+

* SW-to-HW Mapping
+----------------+-----------------------------------+-----------+-----------------------+
| Argument       | HW Name                           | HW Type   | HW Info               |
+----------------+-----------------------------------+-----------+-----------------------+
| in_stream      | in_stream                         | interface |                       |
| out_stream     | out_stream                        | interface |                       |
| flag_post_dma  | s_axi_control flag_post_dma       | register  | offset=0x10, range=32 |
| flag_post_dma  | s_axi_control flag_post_dma_ctrl  | register  | offset=0x14, range=32 |
| flag_post_sort | s_axi_control flag_post_sort      | register  | offset=0x20, range=32 |
| flag_post_sort | s_axi_control flag_post_sort_ctrl | register  | offset=0x24, range=32 |
+----------------+-----------------------------------+-----------+-----------------------+


================================================================
== M_AXI Burst Information
================================================================

